docker-compose : time="2026-02-04T18:35:27+01:00" level=warning msg="C:\\Users\\FS\\Documents\\GitHub\\schedu
le-saas\\docker-compose.yml: the attribute `version` is obsolete, it will be ignored, please remove it to avo
id potential confusion"
At line:1 char:1
+ docker-compose exec python-scheduler python test/test_advanced_schedu ...
+ ~~~~~~~~~~~~~~~~~~~~~~~~~~~~~~~~~~~~~~~~~~~~~~~~~~~~~~~~~~~~~~~~~~~~~
    + CategoryInfo          : NotSpecified: (time="2026-02-0...tial confusion":String) [], RemoteException
    + FullyQualifiedErrorId : NativeCommandError
 

======================================================================
  TEST GENERATORA GRAFIK├ôW CP-SAT - ZAAWANSOWANY
======================================================================
Ôťů Scheduler OK (v3.0.0-cpsat-pro)

­čî▒ Seed: 819836

­čôő SCENARIUSZ:
   Miesi─ůc: 1/2026
   Godziny otwarcia: 10:00 - 18:00 (8h)
   Soboty: Ôťô
   Niedziele handlowe: 0
   Zamkni─Öte dni: wednesday
   Pracownicy: 5 (min. obliczone: 3, kierownik├│w: 1)
   Szablony: 2
      - Zmiana I (5h) (10:00-15:00) [min:1, max:4]
      - Zmiana II (4h) (14:00-18:00) [min:0, max:4]

­čÜÇ Generowanie grafiku...

======================================================================
  PODSUMOWANIE
======================================================================

­čôŐ Statystyki solvera:
   Status: OPTIMAL
   Zmiany: 106
   Czas: 0.05s
   Jako┼Ť─ç: 0%

Ôťů ZALICZONE (2):
   Ôťô R3: Max 1 zmiana/dzie┼ä OK
   Ôťô R4: Niedziele OK

ÔŁî B┼ü─śDY (3):
   ÔťŚ R1: Monika Szyma┼äski przekroczy┼é: 92h > 60h
   ÔťŚ R2: 4 dni roboczych bez pokrycia
   ÔťŚ R5: 4 dni bez kierownika

----------------------------------------------------------------------
­čĺą TEST NIEZALICZONY (3 b┼é─Öd├│w)
   Seed do reprodukcji: 819836
